../src/Drivers/06-timer/timer.cpp:239:6:virtual void timer::SWhandler()	0	static
../src/Drivers/06-timer/timer.cpp:63:1:timer::~timer()	56	static
../src/Drivers/06-timer/timer.cpp:63:1:virtual timer::~timer()	8	static
../src/Drivers/06-timer/timer.cpp:42:1:timer::timer()	16	static
../src/Drivers/06-timer/timer.cpp:52:1:timer::timer(Timer_Handler, uint8_t)	16	static
../src/Drivers/06-timer/timer.cpp:79:6:void timer::SetTimerBase(uint8_t)	0	static
../src/Drivers/06-timer/timer.cpp:94:6:void timer::TimerStart(uint32_t, Timer_Handler, uint8_t)	8	static
../src/Drivers/06-timer/timer.cpp:124:6:void timer::TimerStart(uint32_t)	0	static
../src/Drivers/06-timer/timer.cpp:160:6:void timer::SetTimer(uint32_t)	0	static
../src/Drivers/06-timer/timer.cpp:187:10:uint32_t timer::GetTimer() const	8	static
../src/Drivers/06-timer/timer.cpp:214:6:void timer::StandByTimer(uint8_t)	0	static
../src/Drivers/06-timer/timer.cpp:226:6:void timer::TimerStop()	0	static
../src/Drivers/06-timer/timer.cpp:261:6:bool timer::operator==(uint32_t)	0	static
../src/Drivers/06-timer/timer.cpp:281:6:bool operator==(uint32_t, timer&)	0	static
../src/Drivers/06-timer/timer.cpp:296:8:timer& timer::operator=(uint32_t)	0	static
../src/Drivers/06-timer/timer.cpp:316:7:bool timer::operator!()	0	static
../src/Drivers/06-timer/timer.cpp:325:2:timer::operator bool()	0	static
../src/Drivers/06-timer/timer.cpp:330:9:int8_t timer::TmrEvent()	8	static
