../src/Drivers/14-Reloj/Reloj.cpp:138:1:Reloj::~Reloj()	8	static
../src/Drivers/14-Reloj/Reloj.cpp:138:1:virtual Reloj::~Reloj()	8	static
../src/Drivers/14-Reloj/Reloj.cpp:42:1:Reloj::Reloj()	16	static
../src/Drivers/14-Reloj/Reloj.cpp:53:9:int32_t Reloj::GetHour() const	0	static
../src/Drivers/14-Reloj/Reloj.cpp:63:9:int32_t Reloj::GetMin() const	0	static
../src/Drivers/14-Reloj/Reloj.cpp:73:9:int32_t Reloj::GetSeg() const	0	static
../src/Drivers/14-Reloj/Reloj.cpp:82:6:void Reloj::Reset()	0	static
../src/Drivers/14-Reloj/Reloj.cpp:108:6:void Reloj::Actualizar()	8	static
../src/Drivers/14-Reloj/Reloj.cpp:94:6:void Reloj::SetTime(int32_t, int32_t, int32_t)	8	static
../src/Drivers/14-Reloj/Reloj.cpp:127:6:virtual void Reloj::SWhandler()	8	static
