../src/Drivers/10-UART/Uart.cpp:151:1:uart::~uart()	0	static
../src/Drivers/10-UART/Uart.cpp:153:6:virtual void uart::pushRx(uint8_t)	8	static
../src/Drivers/10-UART/Uart.cpp:160:9:virtual uint8_t uart::popRx(uint8_t*)	8	static
../src/Drivers/10-UART/Uart.cpp:172:6:virtual void uart::pushTx(uint8_t)	8	static
../src/Drivers/10-UART/Uart.cpp:179:9:virtual uint8_t uart::popTx(uint8_t*)	8	static
../src/Drivers/10-UART/Uart.cpp:220:7:virtual void* uart::Message(void*, uint32_t)	24	static
../src/Drivers/10-UART/Uart.cpp:151:1:virtual uart::~uart()	8	static
../src/Drivers/10-UART/Uart.cpp:250:6:virtual void uart::UART_IRQHandler()	24	static
../src/Drivers/10-UART/Uart.cpp:206:6:virtual void uart::Transmit(void*, uint32_t)	32	static
../src/Drivers/10-UART/Uart.cpp:191:6:virtual void uart::Transmit(const char*)	24	static
../src/Drivers/10-UART/Uart.cpp:44:1:uart::uart(uint8_t, uint8_t, uint8_t, uint8_t, USART_Type*, uint32_t, uart::bits_de_datos, uart::paridad_t, uint32_t, uint32_t)	48	static
../src/Drivers/10-UART/Uart.cpp:240:6:void uart::EnableInterupt()	0	static
../src/Drivers/10-UART/Uart.cpp:245:6:void uart::DisableInterupt()	0	static
../src/Drivers/10-UART/Uart.cpp:278:6:void UART0_IRQHandler()	8	static
../src/Drivers/10-UART/Uart.cpp:282:6:void UART1_IRQHandler()	8	static
../src/Drivers/10-UART/Uart.cpp:286:6:void UART2_IRQHandler()	8	static
../src/Drivers/10-UART/Uart.cpp:290:6:void UART3_IRQHandler()	8	static
../src/Drivers/10-UART/Uart.cpp:294:6:void UART4_IRQHandler()	8	static
