../src/Drivers/15-hc-sr04/HCSR04.h:65:11:HC_SR04::~HC_SR04()	0	static
../src/Drivers/15-hc-sr04/HCSR04.cpp:20:6:virtual void HC_SR04::Inicializar()	8	static
../src/Drivers/15-hc-sr04/HCSR04.cpp:31:10:virtual uint32_t HC_SR04::GetDistancia()	8	static
../src/Drivers/15-hc-sr04/HCSR04.cpp:50:6:virtual bool HC_SR04::operator==(uint32_t)	16	static
../src/Drivers/15-hc-sr04/HCSR04.h:65:11:virtual HC_SR04::~HC_SR04()	8	static
../src/Drivers/15-hc-sr04/HCSR04.cpp:12:1:HC_SR04::HC_SR04(pwmIn*, Pwm*)	0	static
../src/Drivers/15-hc-sr04/HCSR04.cpp:66:6:bool HC_SR04::operator<=(uint32_t)	16	static
../src/Drivers/15-hc-sr04/HCSR04.cpp:82:6:bool HC_SR04::operator>=(uint32_t)	16	static
../src/Drivers/15-hc-sr04/HCSR04.cpp:98:6:bool HC_SR04::operator<(uint32_t)	16	static
../src/Drivers/15-hc-sr04/HCSR04.cpp:114:6:bool HC_SR04::operator>(uint32_t)	16	static
../src/Drivers/15-hc-sr04/HCSR04.cpp:129:6:void HC_SR04::Off()	8	static
../src/Drivers/15-hc-sr04/HCSR04.cpp:142:6:void HC_SR04::On()	8	static
