../src/Drivers/hc-sr04/pwmIn.cpp:94:6:virtual void pwmIn::GpioHandler()	8	static
../src/Drivers/hc-sr04/pwmIn.h:66:11:pwmIn::~pwmIn()	8	static
../src/Drivers/hc-sr04/pwmIn.h:66:11:virtual pwmIn::~pwmIn()	8	static
../src/Drivers/hc-sr04/pwmIn.h:66:11:virtual void* pwmIn::_ZThn12_N5pwmInD1Ev()	8	static
../src/Drivers/hc-sr04/pwmIn.h:66:11:virtual void* pwmIn::_ZThn12_N5pwmInD0Ev()	8	static
../src/Drivers/hc-sr04/pwmIn.cpp:41:1:pwmIn::pwmIn(uint8_t, uint8_t, uint8_t, uint8_t, type_MRT::MRT_timer_channels)	24	static
../src/Drivers/hc-sr04/pwmIn.cpp:51:6:void pwmIn::Inicializar()	8	static
../src/Drivers/hc-sr04/pwmIn.cpp:63:10:uint32_t pwmIn::GetPulseOn() const	8	static
../src/Drivers/hc-sr04/pwmIn.cpp:73:6:void pwmIn::Off()	8	static
../src/Drivers/hc-sr04/pwmIn.cpp:84:6:void pwmIn::On()	8	static
