../src/Drivers/02-gpio/gpio.cpp:59:9:virtual uint8_t gpio::SetPin()	12	static
../src/Drivers/02-gpio/gpio.h:42:7:gpio::~gpio()	0	static
../src/Drivers/02-gpio/gpio.h:42:7:virtual gpio::~gpio()	8	static
../src/Drivers/02-gpio/gpio.cpp:46:1:gpio::gpio(uint8_t, uint8_t, uint8_t, uint8_t, uint8_t)	16	static
../src/Drivers/02-gpio/gpio.cpp:72:9:uint8_t gpio::ClrPin()	12	static
../src/Drivers/02-gpio/gpio.cpp:84:9:uint8_t gpio::SetTogglePin()	12	static
../src/Drivers/02-gpio/gpio.cpp:93:9:uint8_t gpio::SetDir()	12	static
../src/Drivers/02-gpio/gpio.cpp:106:9:uint8_t gpio::SetToggleDir()	12	static
../src/Drivers/02-gpio/gpio.cpp:114:9:uint8_t gpio::GetPin() const	0	static
../src/Drivers/02-gpio/gpio.cpp:121:9:uint8_t gpio::SetPinMode()	0	static
../src/Drivers/02-gpio/gpio.cpp:137:9:uint8_t gpio::SetPinResistor()	0	static
../src/Drivers/02-gpio/gpio.cpp:153:7:gpio& gpio::operator=(uint8_t)	8	static
