../src/Drivers/pin_interrupt/Pininterrupt.cpp:48:6:void Pin_interrupt::PinInterrupt_Enable_clock()	0	static
../src/Drivers/pin_interrupt/Pininterrupt.cpp:58:6:void Pin_interrupt::EnableInterupt()	0	static
../src/Drivers/pin_interrupt/Pininterrupt.cpp:68:6:void Pin_interrupt::DisableInterupt()	0	static
../src/Drivers/pin_interrupt/Pininterrupt.cpp:73:1:Pin_interrupt::Pin_interrupt(uint8_t, uint8_t, uint8_t, uint8_t, uint8_t)	24	static
../src/Drivers/pin_interrupt/Pininterrupt.cpp:85:6:void Pin_interrupt::PinInterrupt_Inicializar()	8	static
../src/Drivers/pin_interrupt/Pininterrupt.cpp:108:1:Pin_interrupt::~Pin_interrupt()	0	static
../src/Drivers/pin_interrupt/Pininterrupt.cpp:108:1:virtual Pin_interrupt::~Pin_interrupt()	8	static
../src/Drivers/pin_interrupt/Pininterrupt.cpp:119:6:void PININT0_IRQHandler()	8	static
../src/Drivers/pin_interrupt/Pininterrupt.cpp:124:6:void PININT1_IRQHandler()	8	static
../src/Drivers/pin_interrupt/Pininterrupt.cpp:129:6:void PININT2_IRQHandler()	8	static
../src/Drivers/pin_interrupt/Pininterrupt.cpp:134:6:void PININT3_IRQHandler()	8	static
../src/Drivers/pin_interrupt/Pininterrupt.cpp:139:6:void PININT4_IRQHandler()	8	static
../src/Drivers/pin_interrupt/Pininterrupt.cpp:144:6:void PININT5_IRQHandler()	8	static
../src/Drivers/pin_interrupt/Pininterrupt.cpp:149:6:void PININT6_IRQHandler()	8	static
../src/Drivers/pin_interrupt/Pininterrupt.cpp:154:6:void PININT7_IRQHandler()	8	static
