../src/Aplicacion/aspiradora.cpp:249:6:void Aspiradora::Bienvenido()	16	static
../src/Aplicacion/aspiradora.cpp:78:1:Aspiradora::Aspiradora(std::vector<inputs*>&, std::vector<outputs*>&, HC_SR04*&, teclado*&, lcd*&, L298N*&, std::vector<unsigned int>&)	16	static
../src/Aplicacion/aspiradora.cpp:114:6:void Aspiradora::MaquinaDeEstados()	8	static
../src/Aplicacion/aspiradora.cpp:124:1:Aspiradora::~Aspiradora()	0	static
../src/Aplicacion/aspiradora.cpp:483:6:void Aspiradora::detener_timer()	8	static
../src/Aplicacion/aspiradora.cpp:237:6:void Aspiradora::Reset()	8	static
../src/Aplicacion/aspiradora.cpp:126:6:bool Aspiradora::LeerMensajes()	16	static
../src/Aplicacion/aspiradora.cpp:177:6:void Aspiradora::MovArriba()	8	static
../src/Aplicacion/aspiradora.cpp:192:6:void Aspiradora::MovAbajo()	8	static
../src/Aplicacion/aspiradora.cpp:207:6:void Aspiradora::MovDER()	8	static
../src/Aplicacion/aspiradora.cpp:222:6:void Aspiradora::MovIZQ()	8	static
../src/Aplicacion/aspiradora.cpp:464:6:void Aspiradora::AcercaDe()	8	static
../src/Aplicacion/aspiradora.cpp:267:6:void Aspiradora::Menu()	16	static
../src/Aplicacion/aspiradora.cpp:423:6:void Aspiradora::ConfigTimer()	8	static
../src/Aplicacion/aspiradora.cpp:489:6:void Aspiradora::ImprimirTiempoRestante()	16	static
../src/Aplicacion/aspiradora.cpp:374:6:void Aspiradora::Giro()	8	static
../src/Aplicacion/aspiradora.cpp:402:6:void Aspiradora::FinGiro()	8	static
../src/Aplicacion/aspiradora.cpp:330:6:void Aspiradora::InicioLimpieza()	16	static
