../src/Drivers/03-outputs/outputs.cpp:82:6:virtual void outputs::SWhandler()	8	static
../src/Drivers/03-outputs/outputs.h:57:11:outputs::~outputs()	8	static
../src/Drivers/03-outputs/outputs.h:57:11:virtual outputs::~outputs()	8	static
../src/Drivers/03-outputs/outputs.h:57:11:virtual void* outputs::_ZThn12_N7outputsD1Ev()	8	static
../src/Drivers/03-outputs/outputs.h:57:11:virtual void* outputs::_ZThn12_N7outputsD0Ev()	8	static
../src/Drivers/03-outputs/outputs.cpp:43:1:outputs::outputs(uint8_t, uint8_t, uint8_t, uint8_t, uint8_t)	24	static
../src/Drivers/03-outputs/outputs.cpp:50:8:int8_t outputs::On()	0	static
../src/Drivers/03-outputs/outputs.cpp:56:8:int8_t outputs::Off()	0	static
../src/Drivers/03-outputs/outputs.cpp:62:8:int8_t outputs::SetUp()	8	static
../src/Drivers/03-outputs/outputs.cpp:68:10:outputs& outputs::operator=(uint8_t)	0	static
../src/Drivers/03-outputs/outputs.cpp:74:6:bool outputs::operator==(uint8_t)	0	static
